====RUBY=====
def example(foo: 0, bar: 1, grill: "pork chops")
  puts "foo is #{foo}, bar is #{bar}, and grill is #{grill}"
end
 
# Note that :foo is omitted and :grill precedes :bar
example(grill: "lamb kebab", bar: 3.14)

====RUBY=====
def example(opts = {})
  # Hash#merge raises TypeError if _opts_ is not a Hash.
  # Nothing checks if _opts_ contains unknown keys.
  defaults = {foo: 0, bar: 1, grill: "pork chops"}
  opts = defaults.merge(opts)
 
  printf("foo is %s, bar is %s, and grill is %s\n",
         opts[:foo], opts[:bar], opts[:grill])
end
 
example(grill: "lamb kebab", bar: 3.14)

====RUBY=====
def example(opts = {})
  defaults = {:foo => 0, :bar => 1, :grill => "pork chops"}
  opts = defaults.merge(opts)
  printf("foo is %s, bar is %s, and grill is %s\n",
         opts[:foo], opts[:bar], opts[:grill])
end
 
example(:grill => "lamb kebab", :bar => 3.14)

====RUBY=====
func example(foo: 0, bar: 1, grill: "pork chops") {
    say "foo is #{foo}, bar is #{bar}, and grill is #{grill}";
}
 
# Note that :foo is omitted and :grill precedes :bar
example(grill: "lamb kebab", bar: 3.14);

====PYTHON=====
def subtract(x, y):
    return x - y
 
subtract(5, 3)         # used as positional parameters; evaluates to 2
subtract(y = 3, x = 5) # used as named parameters;      evaluates to 2

====PYTHON=====
>>> from __future__ import print_function
>>> 
>>> def show_args(defparam1, defparam2 = 'default value', *posparam, **keyparam):
  "Straight-forward function to show its arguments"
  print ("  Default Parameters:")
  print ("    defparam1 value is:", defparam1)
  print ("    defparam2 value is:", defparam2)
 
  print ("  Positional Arguments:")
  if posparam:
    n = 0
    for p in posparam:
      print ("    positional argument:", n, "is:", p)
      n += 1
  else:
    print ("    <None>")
 
  print ("  Keyword Arguments (by sorted key name):")
  if keyparam:
    for k,v in sorted(keyparam.items()):
      print ("    keyword argument:", k, "is:", v)
  else:
    print ("    <None>")
 
 
>>> show_args('POSITIONAL', 'ARGUMENTS')
  Default Parameters:
    defparam1 value is: POSITIONAL
    defparam2 value is: ARGUMENTS
  Positional Arguments:
    <None>
  Keyword Arguments (by sorted key name):
    <None>
>>> show_args(defparam2='ARGUMENT', defparam1='KEYWORD')
  Default Parameters:
    defparam1 value is: KEYWORD
    defparam2 value is: ARGUMENT
  Positional Arguments:
    <None>
  Keyword Arguments (by sorted key name):
    <None>
>>> show_args( *('SEQUENCE', 'ARGUMENTS') )
  Default Parameters:
    defparam1 value is: SEQUENCE
    defparam2 value is: ARGUMENTS
  Positional Arguments:
    <None>
  Keyword Arguments (by sorted key name):
    <None>
>>> show_args( **{'defparam2':'ARGUMENTS', 'defparam1':'MAPPING'} )
  Default Parameters:
    defparam1 value is: MAPPING
    defparam2 value is: ARGUMENTS
  Positional Arguments:
    <None>
  Keyword Arguments (by sorted key name):
    <None>
>>> show_args('ONLY DEFINE defparam1 ARGUMENT')
  Default Parameters:
    defparam1 value is: ONLY DEFINE defparam1 ARGUMENT
    defparam2 value is: default value
  Positional Arguments:
    <None>
  Keyword Arguments (by sorted key name):
    <None>
>>> show_args('POSITIONAL', 'ARGUMENTS', 
              'EXTRA', 'POSITIONAL', 'ARGUMENTS')
  Default Parameters:
    defparam1 value is: POSITIONAL
    defparam2 value is: ARGUMENTS
  Positional Arguments:
    positional argument: 0 is: EXTRA
    positional argument: 1 is: POSITIONAL
    positional argument: 2 is: ARGUMENTS
  Keyword Arguments (by sorted key name):
    <None>
>>> show_args('POSITIONAL', 'ARGUMENTS', 
              kwa1='EXTRA', kwa2='KEYWORD', kwa3='ARGUMENTS')
  Default Parameters:
    defparam1 value is: POSITIONAL
    defparam2 value is: ARGUMENTS
  Positional Arguments:
    <None>
  Keyword Arguments (by sorted key name):
    keyword argument: kwa1 is: EXTRA
    keyword argument: kwa2 is: KEYWORD
    keyword argument: kwa3 is: ARGUMENTS
>>> show_args('POSITIONAL', 
              'ARGUMENTS', 'EXTRA', 'POSITIONAL', 'ARGUMENTS', 
              kwa1='EXTRA', kwa2='KEYWORD', kwa3='ARGUMENTS')
  Default Parameters:
    defparam1 value is: POSITIONAL
    defparam2 value is: ARGUMENTS
  Positional Arguments:
    positional argument: 0 is: EXTRA
    positional argument: 1 is: POSITIONAL
    positional argument: 2 is: ARGUMENTS
  Keyword Arguments (by sorted key name):
    keyword argument: kwa1 is: EXTRA
    keyword argument: kwa2 is: KEYWORD
    keyword argument: kwa3 is: ARGUMENTS
>>> # But note:
>>> show_args('POSITIONAL', 'ARGUMENTS', 
              kwa1='EXTRA', kwa2='KEYWORD', kwa3='ARGUMENTS', 
              'EXTRA', 'POSITIONAL', 'ARGUMENTS')
SyntaxError: non-keyword arg after keyword arg
>>>

